---
apiVersion: v1
kind: List
items:
- apiVersion: v1
  kind: Service
- apiVersion: apps/v1
  kind: Deployment
  spec:
    template:
      spec:
        containers:
        - image: "@matches('fabric8.io/fabric8/fabric8-maven-sample-registry-286:.*$')@"